{
  "id": "system_metrics_1763659206",
  "type": "system_metrics",
  "timestamp": "2025-11-20T17:20:06.176708+00:00",
  "source": "system",
  "content": {
    "memory_info": "MemTotal:       24347416 kB\nMemFree:         2949016 kB\nMemAvailable:   12818664 kB\nBuffers:          514204 kB\nCached:          9813804 kB\nSwapCached:           12 kB\nActive:          4215748 kB\nInactive:       15370248 kB\nActive(anon):    2563592 kB\nInactive(anon):  7422380 kB\nActive(file):    1652156 kB\nInactive(file):  7947868 kB\nUnevictable:      360372 kB\nMlocked:             128 kB\nSwapTotal:      24895484 kB\nSwapFree:       24895472 kB\nZswap:                 0 kB\nZswapped:              0 kB\nDirty:              8396 kB\nWriteback:             0 kB\nAnonPages:       9385080 kB\nMapped:          1521652 kB\nShmem:            728336 kB\nKReclaimable:     670728 kB\nSlab:             884836 kB\nSReclaimable:     670728 kB\nSUnreclaim:       214108 kB\nKernelStack:       23424 kB\nPageTables:        70244 kB\nSecPageTables:      1612 kB\nNFS_Unstable:          0 kB\nBounce:                0 kB\nWritebackTmp:          0 kB\nCommitLimit:    37069192 kB\nCommitted_AS:   26135916 kB\nVmallocTotal:   34359738367 kB\nVmallocUsed:      164936 kB\nVmallocChunk:          0 kB\nPercpu:             8576 kB\nHardwareCorrupted:     0 kB\nAnonHugePages:   5902336 kB\nShmemHugePages:   544768 kB\nShmemPmdMapped:        0 kB\nFileHugePages:     96256 kB\nFilePmdMapped:      2048 kB\nUnaccepted:            0 kB\nBalloon:               0 kB\nHugePages_Total:       0\nHugePages_Free:        0\nHugePages_Rsvd:        0\nHugePages_Surp:        0\nHugepagesize:       2048 kB\nHugetlb:               0 kB\nDirectMap4k:     1462456 kB\nDirectMap2M:    23437312 kB\nDirectMap1G:           0 kB\n",
    "load_average": "8.14 6.03 4.98 7/1457 543866",
    "timestamp": "2025-11-20T17:20:06.176680+00:00"
  },
  "metadata": {
    "source_files": [
      "/proc/meminfo",
      "/proc/loadavg"
    ]
  },
  "integrity_hash": ""
}